
> redfeet@0.1.0 build
> next build

node.exe : ΓÜá Warning: 
Next.js inferred your 
workspace root, but it may 
not be correct.
At line:1 char:1
+ & "C:\Program 
Files\nodejs/node.exe" 
"C:\Program 
Files\nodejs/node_mo ...
+ ~~~~~~~~~~~~~~~~~~~~~~~~~
~~~~~~~~~~~~~~~~~~~~~~~~~~~
~~~~~~~~~~~~~~~~~
    + CategoryInfo         
     : NotSpecified: (ΓÜá  
   Warning: Ne...not be    
 correct.:String) [], R    
emoteException
    + FullyQualifiedErrorI 
   d : NativeCommandError
 
 We detected multiple 
lockfiles and selected the 
directory of C:\Users\user\
package-lock.json as the 
root directory.
 To silence this warning, 
set `turbopack.root` in 
your Next.js config, or 
consider removing one of 
the lockfiles if it's not 
needed.
   See https://nextjs.org/d
ocs/app/api-reference/confi
g/next-config-js/turbopack#
root-directory for more 
information.
 Detected additional 
lockfiles: 
   * C:\Users\user\Document
s\Jino\Buildathon\redfeet\p
ackage-lock.json

Γû▓ Next.js 16.2.2 (Turbopack)

  Creating an optimized production build ...
Γ£ô Compiled successfully in 5.0s
  Running TypeScript ...
  Finished TypeScript in 4.5s ...
  Collecting page data using 3 workers ...
  Generating static pages using 3 workers (0/6) ...
ΓÜá Unsupported metadata 
themeColor is configured 
in metadata export in 
/_not-found. Please move 
it to viewport export 
instead.
Read more: https://nextjs.o
rg/docs/app/api-reference/f
unctions/generate-viewport
ΓÜá Unsupported metadata 
themeColor is configured 
in metadata export in 
/messages. Please move it 
to viewport export instead.
Read more: https://nextjs.o
rg/docs/app/api-reference/f
unctions/generate-viewport
ΓÜá Unsupported metadata 
themeColor is configured 
in metadata export in 
/explore. Please move it 
to viewport export instead.
Read more: https://nextjs.o
rg/docs/app/api-reference/f
unctions/generate-viewport
ΓÜá Unsupported metadata 
themeColor is configured 
in metadata export in /. 
Please move it to viewport 
export instead.
Read more: https://nextjs.o
rg/docs/app/api-reference/f
unctions/generate-viewport
  Generating static pages using 3 workers (1/6) 
  Generating static pages using 3 workers (2/6) 
  Generating static pages using 3 workers (4/6) 
Γ£ô Generating static pages using 3 workers (6/6) in 408ms
  Finalizing page optimization ...

Route (app)
Γöî Γùï /
Γö£ Γùï /_not-found
Γö£ Γùï /explore
Γö£ Γùï /messages
Γöö ╞Æ /profile/[username]


Γùï  (Static)   prerendered as static content
╞Æ  (Dynamic)  server-rendered on demand

